---
source: tests/test_sign.rs
expression: "unescape_json(&ManifestStore::from_file(output_path.join(\"C.jpg\"))?.to_string())?"
---
{
  "active_manifest": "[MANIFEST_URN]",
  "manifests": {
    "[MANIFEST_URN]": {
      "assertions": [
        {
          "data": {
            "@context": "http://schema.org/",
            "@type": "CreativeWork",
            "author": [
              {
                "@type": "Person",
                "name": "Gavin Peacock"
              }
            ]
          },
          "kind": "Json",
          "label": "stds.schema-org.CreativeWork"
        },
        {
          "data": {
            "actions": [
              {
                "action": "c2pa.created"
              },
              {
                "action": "c2pa.drawing",
                "parameters": {
                  "name": "gradient"
                }
              }
            ]
          },
          "label": "c2pa.actions"
        }
      ],
      "claim_generator": "make_test_images/0.6.1 c2pa-rs/0.6.1",
      "format": "image/jpeg",
      "ingredients": [],
      "instance_id": [XMP_ID]",
      "label": "[MANIFEST_URN]",
      "signature_info": {
        "alg": "Ps256",
        "cert_serial_number": "720724073027128164015125666832722375746636448153",
        "issuer": "C2PA Test Signing Cert"
      },
      "thumbnail": {
        "format": "image/jpeg",
        "identifier": "[JUMBF_URI]"
      },
      "title": "C.jpg"
    },
    "[MANIFEST_URN]": {
      "assertions": [
        {
          "data": {
            "actions": [
              {
                "action": "c2pa.created",
                "digitalSourceType": "http://cv.iptc.org/newscodes/digitalsourcetype/algorithmicMedia",
                "instanceId": "xmp.iid:7b57930e-2f23-47fc-affe-0400d70b738d",
                "softwareAgent": {
                  "name": "TestApp",
                  "something": "else",
                  "version": "1.0"
                }
              },
              {
                "action": "c2pa.opened",
                "changes": [
                  {
                    "description": "lip synced area",
                    "region": [
                      {
                        "time": {},
                        "type": "temporal"
                      },
                      {
                        "item": {
                          "identifier": "https://bioportal.bioontology.org/ontologies/FMA",
                          "value": "lips"
                        },
                        "type": "identified"
                      }
                    ]
                  }
                ],
                "digitalSourceType": "http://cv.iptc.org/newscodes/digitalsourcetype/algorithmicMedia",
                "instanceId": "xmp.iid:7b57930e-2f23-47fc-affe-0400d70b738d",
                "parameters": {
                  "description": "import"
                },
                "softwareAgent": {
                  "icon": {
                    "format": "image/svg+xml",
                    "identifier": "[JUMBF_URI]"
                  },
                  "name": "TestApp",
                  "something": "else",
                  "version": "1.0"
                }
              },
              {
                "action": "c2pa.edited",
                "changes": [
                  {
                    "region": [
                      {
                        "item": {
                          "identifier": "track_id",
                          "value": "transcript"
                        },
                        "type": "identified"
                      }
                    ]
                  }
                ],
                "digitalSourceType": "http://cv.iptc.org/newscodes/digitalsourcetype/minorHumanEdits"
              }
            ]
          },
          "label": "c2pa.actions.v2"
        },
        {
          "data": {
            "@context": "https://schema.org",
            "@type": "CreativeWork",
            "author": [
              {
                "@type": "Person",
                "name": "Joe Bloggs"
              }
            ]
          },
          "kind": "Json",
          "label": "stds.schema-org.CreativeWork"
        },
        {
          "data": {
            "entries": {
              "c2pa.ai_generative_training": {
                "use": "notAllowed"
              },
              "c2pa.ai_training": {
                "use": "allowed"
              }
            }
          },
          "label": "cawg.training-mining"
        }
      ],
      "claim_generator": "TestApp c2patool/0.9.3 c2pa-rs/0.32.0",
      "claim_generator_info": [
        {
          "icon": {
            "format": "image/png",
            "identifier": "[JUMBF_URI]"
          },
          "name": "Test App",
          "version": "0.0.1"
        }
      ],
      "format": "image/jpeg",
      "ingredients": [
        {
          "active_manifest": "[MANIFEST_URN]",
          "format": "image/jpeg",
          "instance_id": [XMP_ID]",
          "relationship": "parentOf",
          "thumbnail": {
            "format": "image/jpeg",
            "identifier": "[JUMBF_URI]"
          },
          "title": "C.jpg"
        },
        {
          "document_id": "adobe:docid:photoshop:e1c344db-c371-ef45-a4fe-9b5ba6346544",
          "format": "image/jpeg",
          "instance_id": "xmp.iid:9867c3b4-465e-42e4-8064-76c0c0fe3d16",
          "relationship": "componentOf",
          "thumbnail": {
            "format": "image/jpeg",
            "identifier": "[JUMBF_URI]"
          },
          "title": "earth_apollo17.jpg"
        },
        {
          "active_manifest": "[MANIFEST_URN]",
          "format": "image/jpeg",
          "instance_id": [XMP_ID]",
          "relationship": "componentOf",
          "thumbnail": {
            "format": "image/jpeg",
            "identifier": "[JUMBF_URI]"
          },
          "title": "C.jpg"
        },
        {
          "format": "image/jpeg",
          "instance_id": [XMP_ID]",
          "relationship": "componentOf",
          "thumbnail": {
            "format": "image/png",
            "identifier": "[JUMBF_URI]"
          },
          "title": "test ingredient"
        }
      ],
      "instance_id": [XMP_ID]",
      "label": "[MANIFEST_URN]",
      "signature_info": {
        "alg": "Es256",
        "cert_serial_number": "640229841392226413189608867977836244731148734950",
        "issuer": "C2PA Test Signing Cert",
        "time": "[TIMESTAMP1]"
      },
      "thumbnail": {
        "format": "image/jpeg",
        "identifier": "[JUMBF_URI]"
      },
      "title": "C.jpg"
    }
  }
}
