---
source: tests/test_extract.rs
info:
  program: c2patool
  args:
    - extract
    - resources
    - /Users/nsalvemini/Documents/repos/c2patool/tests/fixtures/C.jpg
    - "--output"
    - /tmp/.tmprMOnr6
    - "--force"
---
success: true
exit_code: 0
----- stdout -----
Sucessfully extracted resources from file `/Users/nsalvemini/Documents/repos/c2patool/tests/fixtures/C.jpg`

----- stderr -----
