---
source: tests/view.rs
info:
  program: c2patool
  args:
    - view
    - manifest
    - "--debug"
    - /Users/nsalvemini/Documents/repos/c2patool/tests/fixtures/C.jpg
---
success: true
exit_code: 0
----- stdout -----
{
  "active_manifest": "contentauth:urn:uuid:a621a5d8-147d-499b-95d7-2eaff1009efc",
  "manifests": {
    "contentauth:urn:uuid:a621a5d8-147d-499b-95d7-2eaff1009efc": {
      "claim": {
        "dc:title": "C.jpg",
        "dc:format": "image/jpeg",
        "instanceID": "xmp:iid:3de8baae-4de5-4961-8b5a-441bb699bf1b",
        "claim_generator": "make_test_images/0.6.1 c2pa-rs/0.6.1",
        "claim_generator_info": null,
        "signature": "self#jumbf=c2pa.signature",
        "assertions": [
          {
            "url": "self#jumbf=c2pa.assertions/c2pa.thumbnail.claim.jpeg",
            "hash": "BkI+QPdyZ1fEXETg2uOBTpM5wmlwx+erq7a8KnDTOt4="
          },
          {
            "url": "self#jumbf=c2pa.assertions/stds.schema-org.CreativeWork",
            "hash": "A0852NjfAn69Tgx9DhEo4RgtOBMkFExRFEiEZwoPvZA="
          },
          {
            "url": "self#jumbf=c2pa.assertions/c2pa.actions",
            "hash": "42l0mSt4ue0hIk5YSZ3Q8cwcotNphWsScwvDyq+qyP8="
          },
          {
            "url": "self#jumbf=c2pa.assertions/c2pa.hash.data",
            "hash": "B+6kDNC041sYRqzvdqJKF42qqXmZ780dRprgKOTpskg="
          }
        ],
        "alg": "sha256"
      },
      "assertion_store": {
        "c2pa.actions": {
          "actions": [
            {
              "action": "c2pa.created"
            },
            {
              "action": "c2pa.drawing",
              "parameters": {
                "name": "gradient"
              }
            }
          ]
        },
        "c2pa.hash.data": {
          "exclusions": [
            {
              "start": 20,
              "length": 51229
            }
          ],
          "name": "jumbf manifest",
          "alg": "sha256",
          "hash": "YKIAlxx9FFeOcgV8QnP05KgXL7xzCFZvJ3DDmhb6zeA=",
          "pad": "<omitted>"
        },
        "c2pa.thumbnail.claim.jpeg": "<omitted> len = 31711",
        "stds.schema-org.CreativeWork": {
          "@context": "http://schema.org/",
          "@type": "CreativeWork",
          "author": [
            {
              "@type": "Person",
              "name": "Gavin Peacock"
            }
          ]
        }
      },
      "signature": {
        "alg": "ps256",
        "issuer": "C2PA Test Signing Cert"
      }
    }
  },
  "validation_status": [
    {
      "code": "claimSignature.validated",
      "url": "self#jumbf=/c2pa/contentauth:urn:uuid:a621a5d8-147d-499b-95d7-2eaff1009efc/c2pa.signature",
      "explanation": "claim signature valid"
    },
    {
      "code": "assertion.hashedURI.match",
      "url": "self#jumbf=c2pa.assertions/c2pa.thumbnail.claim.jpeg",
      "explanation": "hashed uri matched: self#jumbf=c2pa.assertions/c2pa.thumbnail.claim.jpeg"
    },
    {
      "code": "assertion.hashedURI.match",
      "url": "self#jumbf=c2pa.assertions/stds.schema-org.CreativeWork",
      "explanation": "hashed uri matched: self#jumbf=c2pa.assertions/stds.schema-org.CreativeWork"
    },
    {
      "code": "assertion.hashedURI.match",
      "url": "self#jumbf=c2pa.assertions/c2pa.actions",
      "explanation": "hashed uri matched: self#jumbf=c2pa.assertions/c2pa.actions"
    },
    {
      "code": "assertion.hashedURI.match",
      "url": "self#jumbf=c2pa.assertions/c2pa.hash.data",
      "explanation": "hashed uri matched: self#jumbf=c2pa.assertions/c2pa.hash.data"
    },
    {
      "code": "assertion.dataHash.match",
      "url": "self#jumbf=/c2pa/contentauth:urn:uuid:a621a5d8-147d-499b-95d7-2eaff1009efc/c2pa.assertions/c2pa.hash.data",
      "explanation": "data hash valid"
    }
  ]
}

----- stderr -----
